<!DOCTYPE html>
<html lang="en">
<head>
    <meta http-equiv="refresh" content="0;URL=../../../rustc_span/symbol/sym/constant.expected.html">
    <title>Redirection</title>
</head>
<body>
    <p>Redirecting to <a href="../../../rustc_span/symbol/sym/constant.expected.html">../../../rustc_span/symbol/sym/constant.expected.html</a>...</p>
    <script>location.replace("../../../rustc_span/symbol/sym/constant.expected.html" + location.search + location.hash);</script>
</body>
</html>